gcc -Wall -Wextra -g main.c tui_renderer.c ../core_c/enki_os.c ../core_c/enki_lexer.c ../core_c/enki_parser.c ../core_c/enki_interpreter.c ../core_c/enki_scheduler.c ../core_c/enki_network.c ../core_c/enki_file_system.c ../core/enki_object.c ../core/array/ku.c ../core/array/ko.c ../core/array/panjang.c ../otim/otim_lexer.c ../otim/otim_parser.c ../snul/snul_lexer.c ../snul/snul_parser.c ../gui/gui_renderer.c ../core/enki_memory.c    -o ../../bin/unul -lm -lreadline -pthread -lcurl -lraylib
../core_c/enki_interpreter.c: In function ‘pemicu_kiamat_presisi’:
../core_c/enki_interpreter.c:402:13: error: too few arguments to function ‘enki_bebas’; expected 2, have 1
  402 |             enki_bebas(ram->pesan_error_tabu);
      |             ^~~~~~~~~~
In file included from ../core_c/enki_interpreter.c:24:
../core_c/../core/enki_memory.h:20:6: note: declared here
   20 | void enki_bebas(void* pointer, int mode_dinamis);
      |      ^~~~~~~~~~
../core_c/enki_interpreter.c: In function ‘bebaskan_ram’:
../core_c/enki_interpreter.c:455:13: error: too few arguments to function ‘enki_bebas’; expected 2, have 1
  455 |             enki_bebas(ram->kavling[i].riwayat);
      |             ^~~~~~~~~~
../core_c/../core/enki_memory.h:20:6: note: declared here
   20 | void enki_bebas(void* pointer, int mode_dinamis);
      |      ^~~~~~~~~~
../core_c/enki_interpreter.c:459:32: error: too few arguments to function ‘enki_bebas’; expected 2, have 1
  459 |     if (ram->pesan_error_tabu) enki_bebas(ram->pesan_error_tabu);
      |                                ^~~~~~~~~~
../core_c/../core/enki_memory.h:20:6: note: declared here
   20 | void enki_bebas(void* pointer, int mode_dinamis);
      |      ^~~~~~~~~~
../core_c/enki_interpreter.c: In function ‘ambil_elemen_array’:
../core_c/enki_interpreter.c:788:13: error: too few arguments to function ‘enki_bebas’; expected 2, have 1
  788 |             enki_bebas(hasil);
      |             ^~~~~~~~~~
../core_c/../core/enki_memory.h:20:6: note: declared here
   20 | void enki_bebas(void* pointer, int mode_dinamis);
      |      ^~~~~~~~~~
../core_c/enki_interpreter.c:797:5: error: too few arguments to function ‘enki_bebas’; expected 2, have 1
  797 |     enki_bebas(copy);
      |     ^~~~~~~~~~
../core_c/../core/enki_memory.h:20:6: note: declared here
   20 | void enki_bebas(void* pointer, int mode_dinamis);
      |      ^~~~~~~~~~
../core_c/enki_interpreter.c: In function ‘proses_sisipan_teks’:
../core_c/enki_interpreter.c:811:27: error: too few arguments to function ‘enki_alokasi’; expected 2, have 1
  811 |     char* buffer = (char*)enki_alokasi(batas_maksimal);
      |                           ^~~~~~~~~~~~
../core_c/../core/enki_memory.h:14:7: note: declared here
   14 | void* enki_alokasi(size_t ukuran, int mode_dinamis);
      |       ^~~~~~~~~~~~
../core_c/enki_interpreter.c:852:49: error: too few arguments to function ‘enki_alokasi’; expected 2, have 1
  852 |                         char* buf_temp = (char*)enki_alokasi(1024 * 8); // 8KB temp
      |                                                 ^~~~~~~~~~~~
../core_c/../core/enki_memory.h:14:7: note: declared here
   14 | void* enki_alokasi(size_t ukuran, int mode_dinamis);
      |       ^~~~~~~~~~~~
../core_c/enki_interpreter.c:858:25: error: too few arguments to function ‘enki_bebas’; expected 2, have 1
  858 |                         enki_bebas(buf_temp);
      |                         ^~~~~~~~~~
../core_c/../core/enki_memory.h:20:6: note: declared here
   20 | void enki_bebas(void* pointer, int mode_dinamis);
      |      ^~~~~~~~~~
../core_c/enki_interpreter.c:879:5: error: too few arguments to function ‘enki_bebas’; expected 2, have 1
  879 |     enki_bebas(buffer);
      |     ^~~~~~~~~~
../core_c/../core/enki_memory.h:20:6: note: declared here
   20 | void enki_bebas(void* pointer, int mode_dinamis);
      |      ^~~~~~~~~~
../core_c/enki_interpreter.c: In function ‘evaluasi_ekspresi’:
../core_c/enki_interpreter.c:1059:29: error: too few arguments to function ‘enki_salin_teks’; expected 2, have 1
 1059 |         char* teks_bersih = enki_salin_teks(teks_mentah), 1;
      |                             ^~~~~~~~~~~~~~~
../core_c/../core/enki_memory.h:26:7: note: declared here
   26 | char* enki_salin_teks(const char* sumber, int mode_dinamis);
      |       ^~~~~~~~~~~~~~~
../core_c/enki_interpreter.c:1059:59: error: expected identifier or ‘(’ before numeric constant
 1059 |         char* teks_bersih = enki_salin_teks(teks_mentah), 1;
      |                                                           ^
../core_c/enki_interpreter.c:1069:9: error: too few arguments to function ‘enki_bebas’; expected 2, have 1
 1069 |         enki_bebas(teks_bersih);
      |         ^~~~~~~~~~
../core_c/../core/enki_memory.h:20:6: note: declared here
   20 | void enki_bebas(void* pointer, int mode_dinamis);
      |      ^~~~~~~~~~
../core_c/enki_interpreter.c:1072:9: error: too few arguments to function ‘enki_bebas’; expected 2, have 1
 1072 |         enki_bebas(teks_final);
      |         ^~~~~~~~~~
../core_c/../core/enki_memory.h:20:6: note: declared here
   20 | void enki_bebas(void* pointer, int mode_dinamis);
      |      ^~~~~~~~~~
../core_c/enki_interpreter.c:1084:41: error: too few arguments to function ‘enki_alokasi’; expected 2, have 1
 1084 |             node->blok_maka = (ASTNode*)enki_alokasi(sizeof(ASTNode));
      |                                         ^~~~~~~~~~~~
../core_c/../core/enki_memory.h:14:7: note: declared here
   14 | void* enki_alokasi(size_t ukuran, int mode_dinamis);
      |       ^~~~~~~~~~~~
../core_c/enki_interpreter.c:1088:41: error: too few arguments to function ‘enki_alokasi’; expected 2, have 1
 1088 |             ASTNode* pulang = (ASTNode*)enki_alokasi(sizeof(ASTNode));
      |                                         ^~~~~~~~~~~~
../core_c/../core/enki_memory.h:14:7: note: declared here
   14 | void* enki_alokasi(size_t ukuran, int mode_dinamis);
      |       ^~~~~~~~~~~~
../core_c/enki_interpreter.c:1650:17: error: too few arguments to function ‘enki_bebas’; expected 2, have 1
 1650 |                 enki_bebas(teks); // Buang salinannya karena sudah dibungkus objek baru
      |                 ^~~~~~~~~~
../core_c/../core/enki_memory.h:20:6: note: declared here
   20 | void enki_bebas(void* pointer, int mode_dinamis);
      |      ^~~~~~~~~~
../core_c/enki_interpreter.c:1799:17: error: implicit declaration of function ‘regenki_bebas’; did you mean ‘enki_bebas’? [-Wimplicit-function-declaration]
 1799 |                 regenki_bebas(&mesin_regex);
      |                 ^~~~~~~~~~~~~
      |                 enki_bebas
../core_c/enki_interpreter.c:1845:13: error: too few arguments to function ‘enki_bebas’; expected 2, have 1
 1845 |             enki_bebas(input);
      |             ^~~~~~~~~~
../core_c/../core/enki_memory.h:20:6: note: declared here
   20 | void enki_bebas(void* pointer, int mode_dinamis);
      |      ^~~~~~~~~~
../core_c/enki_interpreter.c:1865:13: error: too few arguments to function ‘enki_bebas’; expected 2, have 1
 1865 |             enki_bebas(input);
      |             ^~~~~~~~~~
../core_c/../core/enki_memory.h:20:6: note: declared here
   20 | void enki_bebas(void* pointer, int mode_dinamis);
      |      ^~~~~~~~~~
../core_c/enki_interpreter.c:1891:13: error: too few arguments to function ‘enki_bebas’; expected 2, have 1
 1891 |             enki_bebas(hasil_bisik);
      |             ^~~~~~~~~~
../core_c/../core/enki_memory.h:20:6: note: declared here
   20 | void enki_bebas(void* pointer, int mode_dinamis);
      |      ^~~~~~~~~~
../core_c/enki_interpreter.c:1967:21: error: too few arguments to function ‘enki_bebas’; expected 2, have 1
 1967 |                     enki_bebas(respon_mentah);
      |                     ^~~~~~~~~~
../core_c/../core/enki_memory.h:20:6: note: declared here
   20 | void enki_bebas(void* pointer, int mode_dinamis);
      |      ^~~~~~~~~~
../core_c/enki_interpreter.c:2015:25: error: too few arguments to function ‘enki_bebas’; expected 2, have 1
 2015 |                         enki_bebas(respon_mentah);
      |                         ^~~~~~~~~~
../core_c/../core/enki_memory.h:20:6: note: declared here
   20 | void enki_bebas(void* pointer, int mode_dinamis);
      |      ^~~~~~~~~~
../core_c/enki_interpreter.c:2145:29: error: too few arguments to function ‘enki_bebas’; expected 2, have 1
 2145 |                 if (output) enki_bebas(output);
      |                             ^~~~~~~~~~
../core_c/../core/enki_memory.h:20:6: note: declared here
   20 | void enki_bebas(void* pointer, int mode_dinamis);
      |      ^~~~~~~~~~
../core_c/enki_interpreter.c:2171:17: error: too few arguments to function ‘enki_bebas’; expected 2, have 1
 2171 |                 enki_bebas(hasil_hash); // Bersihkan memori C mentah
      |                 ^~~~~~~~~~
../core_c/../core/enki_memory.h:20:6: note: declared here
   20 | void enki_bebas(void* pointer, int mode_dinamis);
      |      ^~~~~~~~~~
../core_c/enki_interpreter.c:2208:21: error: too few arguments to function ‘enki_bebas’; expected 2, have 1
 2208 |                     enki_bebas(b64_mentah);
      |                     ^~~~~~~~~~
../core_c/../core/enki_memory.h:20:6: note: declared here
   20 | void enki_bebas(void* pointer, int mode_dinamis);
      |      ^~~~~~~~~~
../core_c/enki_interpreter.c:2209:21: error: too few arguments to function ‘enki_bebas’; expected 2, have 1
 2209 |                     enki_bebas(teks_copy);
      |                     ^~~~~~~~~~
../core_c/../core/enki_memory.h:20:6: note: declared here
   20 | void enki_bebas(void* pointer, int mode_dinamis);
      |      ^~~~~~~~~~
../core_c/enki_interpreter.c:2227:25: error: too few arguments to function ‘enki_bebas’; expected 2, have 1
 2227 |                         enki_bebas(biner_mentah); // Aman!
      |                         ^~~~~~~~~~
../core_c/../core/enki_memory.h:20:6: note: declared here
   20 | void enki_bebas(void* pointer, int mode_dinamis);
      |      ^~~~~~~~~~
../core_c/enki_interpreter.c:2284:21: error: too few arguments to function ‘enki_bebas’; expected 2, have 1
 2284 |                     enki_bebas(buffer);
      |                     ^~~~~~~~~~
../core_c/../core/enki_memory.h:20:6: note: declared here
   20 | void enki_bebas(void* pointer, int mode_dinamis);
      |      ^~~~~~~~~~
../core_c/enki_interpreter.c:2288:17: error: too few arguments to function ‘enki_bebas’; expected 2, have 1
 2288 |                 enki_bebas(target_final);
      |                 ^~~~~~~~~~
../core_c/../core/enki_memory.h:20:6: note: declared here
   20 | void enki_bebas(void* pointer, int mode_dinamis);
      |      ^~~~~~~~~~
../core_c/enki_interpreter.c:2377:13: error: too few arguments to function ‘enki_bebas’; expected 2, have 1
 2377 |             enki_bebas(teks_copy); enki_bebas(teks_copy2); // Buang duplikat
      |             ^~~~~~~~~~
../core_c/../core/enki_memory.h:20:6: note: declared here
   20 | void enki_bebas(void* pointer, int mode_dinamis);
      |      ^~~~~~~~~~
../core_c/enki_interpreter.c:2377:36: error: too few arguments to function ‘enki_bebas’; expected 2, have 1
 2377 |             enki_bebas(teks_copy); enki_bebas(teks_copy2); // Buang duplikat
      |                                    ^~~~~~~~~~
../core_c/../core/enki_memory.h:20:6: note: declared here
   20 | void enki_bebas(void* pointer, int mode_dinamis);
      |      ^~~~~~~~~~
../core_c/enki_interpreter.c:2495:13: error: too few arguments to function ‘enki_bebas’; expected 2, have 1
 2495 |             enki_bebas(pola_final);
      |             ^~~~~~~~~~
../core_c/../core/enki_memory.h:20:6: note: declared here
   20 | void enki_bebas(void* pointer, int mode_dinamis);
      |      ^~~~~~~~~~
../core_c/enki_interpreter.c:2498:13: error: too few arguments to function ‘enki_bebas’; expected 2, have 1
 2498 |             enki_bebas(hasil_mentah);
      |             ^~~~~~~~~~
../core_c/../core/enki_memory.h:20:6: note: declared here
   20 | void enki_bebas(void* pointer, int mode_dinamis);
      |      ^~~~~~~~~~
../core_c/enki_interpreter.c:2516:13: error: too few arguments to function ‘enki_bebas’; expected 2, have 1
 2516 |             enki_bebas(path_final);
      |             ^~~~~~~~~~
../core_c/../core/enki_memory.h:20:6: note: declared here
   20 | void enki_bebas(void* pointer, int mode_dinamis);
      |      ^~~~~~~~~~
../core_c/enki_interpreter.c:2519:13: error: too few arguments to function ‘enki_bebas’; expected 2, have 1
 2519 |             enki_bebas(hasil_mentah);
      |             ^~~~~~~~~~
../core_c/../core/enki_memory.h:20:6: note: declared here
   20 | void enki_bebas(void* pointer, int mode_dinamis);
      |      ^~~~~~~~~~
../core_c/enki_interpreter.c:2547:13: error: too few arguments to function ‘enki_bebas’; expected 2, have 1
 2547 |             enki_bebas(path_final);
      |             ^~~~~~~~~~
../core_c/../core/enki_memory.h:20:6: note: declared here
   20 | void enki_bebas(void* pointer, int mode_dinamis);
      |      ^~~~~~~~~~
../core_c/enki_interpreter.c:2566:17: error: too few arguments to function ‘enki_bebas’; expected 2, have 1
 2566 |                 enki_bebas(path_final); if(obj_path) hancurkan_objek(obj_path, ram->status_array_dinamis);
      |                 ^~~~~~~~~~
../core_c/../core/enki_memory.h:20:6: note: declared here
   20 | void enki_bebas(void* pointer, int mode_dinamis);
      |      ^~~~~~~~~~
../core_c/enki_interpreter.c:2579:42: error: too few arguments to function ‘enki_bebas’; expected 2, have 1
 2579 |             enki_bebas(buffer_biner, 1); enki_bebas(path_final); if (obj_path) hancurkan_objek(obj_path, ram->status_array_dinamis);
      |                                          ^~~~~~~~~~
../core_c/../core/enki_memory.h:20:6: note: declared here
   20 | void enki_bebas(void* pointer, int mode_dinamis);
      |      ^~~~~~~~~~
../core_c/enki_interpreter.c:2603:17: error: too few arguments to function ‘enki_bebas’; expected 2, have 1
 2603 |                 enki_bebas(hasil_b64); return hasil;
      |                 ^~~~~~~~~~
../core_c/../core/enki_memory.h:20:6: note: declared here
   20 | void enki_bebas(void* pointer, int mode_dinamis);
      |      ^~~~~~~~~~
../core_c/enki_interpreter.c:2620:21: error: too few arguments to function ‘enki_bebas’; expected 2, have 1
 2620 |                     enki_bebas(biner); hancurkan_objek(obj_data, ram->status_array_dinamis); return hasil;
      |                     ^~~~~~~~~~
../core_c/../core/enki_memory.h:20:6: note: declared here
   20 | void enki_bebas(void* pointer, int mode_dinamis);
      |      ^~~~~~~~~~
../core_c/enki_interpreter.c:2650:18: error: too few arguments to function ‘enki_bebas’; expected 2, have 1
 2650 |                  enki_bebas(path_final);
      |                  ^~~~~~~~~~
../core_c/../core/enki_memory.h:20:6: note: declared here
   20 | void enki_bebas(void* pointer, int mode_dinamis);
      |      ^~~~~~~~~~
../core_c/enki_interpreter.c:2683:13: error: too few arguments to function ‘enki_bebas’; expected 2, have 1
 2683 |             enki_bebas(path_final);
      |             ^~~~~~~~~~
../core_c/../core/enki_memory.h:20:6: note: declared here
   20 | void enki_bebas(void* pointer, int mode_dinamis);
      |      ^~~~~~~~~~
../core_c/enki_interpreter.c:2717:28: error: too few arguments to function ‘enki_bebas’; expected 2, have 1
 2717 |             if (teks_imah) enki_bebas(teks_imah);
      |                            ^~~~~~~~~~
../core_c/../core/enki_memory.h:20:6: note: declared here
   20 | void enki_bebas(void* pointer, int mode_dinamis);
      |      ^~~~~~~~~~
../core_c/enki_interpreter.c:2718:13: error: too few arguments to function ‘enki_bebas’; expected 2, have 1
 2718 |             enki_bebas(path_final);
      |             ^~~~~~~~~~
../core_c/../core/enki_memory.h:20:6: note: declared here
   20 | void enki_bebas(void* pointer, int mode_dinamis);
      |      ^~~~~~~~~~
../core_c/enki_interpreter.c:2795:32: error: too few arguments to function ‘enki_bebas’; expected 2, have 1
 2795 |                 if (teks_imah) enki_bebas(teks_imah);
      |                                ^~~~~~~~~~
../core_c/../core/enki_memory.h:20:6: note: declared here
   20 | void enki_bebas(void* pointer, int mode_dinamis);
      |      ^~~~~~~~~~
../core_c/enki_interpreter.c:2796:17: error: too few arguments to function ‘enki_bebas’; expected 2, have 1
 2796 |                 enki_bebas(path_final);
      |                 ^~~~~~~~~~
../core_c/../core/enki_memory.h:20:6: note: declared here
   20 | void enki_bebas(void* pointer, int mode_dinamis);
      |      ^~~~~~~~~~
../core_c/enki_interpreter.c:2897:32: error: too few arguments to function ‘enki_bebas’; expected 2, have 1
 2897 |                 if (teks_imah) enki_bebas(teks_imah);
      |                                ^~~~~~~~~~
../core_c/../core/enki_memory.h:20:6: note: declared here
   20 | void enki_bebas(void* pointer, int mode_dinamis);
      |      ^~~~~~~~~~
../core_c/enki_interpreter.c:2898:17: error: too few arguments to function ‘enki_bebas’; expected 2, have 1
 2898 |                 enki_bebas(path_final);
      |                 ^~~~~~~~~~
../core_c/../core/enki_memory.h:20:6: note: declared here
   20 | void enki_bebas(void* pointer, int mode_dinamis);
      |      ^~~~~~~~~~
../core_c/enki_interpreter.c:2958:32: error: too few arguments to function ‘enki_bebas’; expected 2, have 1
 2958 |                 if (teks_imah) enki_bebas(teks_imah);
      |                                ^~~~~~~~~~
../core_c/../core/enki_memory.h:20:6: note: declared here
   20 | void enki_bebas(void* pointer, int mode_dinamis);
      |      ^~~~~~~~~~
../core_c/enki_interpreter.c:2959:17: error: too few arguments to function ‘enki_bebas’; expected 2, have 1
 2959 |                 enki_bebas(path_final);
      |                 ^~~~~~~~~~
../core_c/../core/enki_memory.h:20:6: note: declared here
   20 | void enki_bebas(void* pointer, int mode_dinamis);
      |      ^~~~~~~~~~
../core_c/enki_interpreter.c:3007:13: error: too few arguments to function ‘enki_bebas’; expected 2, have 1
 3007 |             enki_bebas(isi_snul);
      |             ^~~~~~~~~~
../core_c/../core/enki_memory.h:20:6: note: declared here
   20 | void enki_bebas(void* pointer, int mode_dinamis);
      |      ^~~~~~~~~~
../core_c/enki_interpreter.c:3059:13: error: too few arguments to function ‘enki_bebas’; expected 2, have 1
 3059 |             enki_bebas(isi_otim);
      |             ^~~~~~~~~~
../core_c/../core/enki_memory.h:20:6: note: declared here
   20 | void enki_bebas(void* pointer, int mode_dinamis);
      |      ^~~~~~~~~~
../core_c/enki_interpreter.c:3103:13: error: too few arguments to function ‘enki_bebas’; expected 2, have 1
 3103 |             enki_bebas(id_hasil); // Bebaskan memori string C biasa
      |             ^~~~~~~~~~
../core_c/../core/enki_memory.h:20:6: note: declared here
   20 | void enki_bebas(void* pointer, int mode_dinamis);
      |      ^~~~~~~~~~
../core_c/enki_interpreter.c:3134:13: error: too few arguments to function ‘enki_bebas’; expected 2, have 1
 3134 |             enki_bebas(id_hasil);
      |             ^~~~~~~~~~
../core_c/../core/enki_memory.h:20:6: note: declared here
   20 | void enki_bebas(void* pointer, int mode_dinamis);
      |      ^~~~~~~~~~
../core_c/enki_interpreter.c: In function ‘pemicu_kernel_panic’:
../core_c/enki_interpreter.c:3373:36: error: too few arguments to function ‘enki_bebas’; expected 2, have 1
 3373 |         if (ram->pesan_error_tabu) enki_bebas(ram->pesan_error_tabu);
      |                                    ^~~~~~~~~~
../core_c/../core/enki_memory.h:20:6: note: declared here
   20 | void enki_bebas(void* pointer, int mode_dinamis);
      |      ^~~~~~~~~~
../core_c/enki_interpreter.c: In function ‘pelari_utas_gaib’:
../core_c/enki_interpreter.c:3415:5: error: too few arguments to function ‘enki_bebas’; expected 2, have 1
 3415 |     enki_bebas(kapsul->ram_paralel);
      |     ^~~~~~~~~~
../core_c/../core/enki_memory.h:20:6: note: declared here
   20 | void enki_bebas(void* pointer, int mode_dinamis);
      |      ^~~~~~~~~~
../core_c/enki_interpreter.c:3416:5: error: too few arguments to function ‘enki_bebas’; expected 2, have 1
 3416 |     enki_bebas(kapsul);
      |     ^~~~~~~~~~
../core_c/../core/enki_memory.h:20:6: note: declared here
   20 | void enki_bebas(void* pointer, int mode_dinamis);
      |      ^~~~~~~~~~
../core_c/enki_interpreter.c: In function ‘eksekusi_node’:
../core_c/enki_interpreter.c:3645:47: error: too few arguments to function ‘enki_alokasi’; expected 2, have 1
 3645 |             KapsulUtas* kapsul = (KapsulUtas*)enki_alokasi(sizeof(KapsulUtas));
      |                                               ^~~~~~~~~~~~
../core_c/../core/enki_memory.h:14:7: note: declared here
   14 | void* enki_alokasi(size_t ukuran, int mode_dinamis);
      |       ^~~~~~~~~~~~
../core_c/enki_interpreter.c:3676:13: error: too few arguments to function ‘enki_bebas’; expected 2, have 1
 3676 |             enki_bebas(target_ekspansi); return;
      |             ^~~~~~~~~~
../core_c/../core/enki_memory.h:20:6: note: declared here
   20 | void enki_bebas(void* pointer, int mode_dinamis);
      |      ^~~~~~~~~~
../core_c/enki_interpreter.c:3707:13: error: too few arguments to function ‘enki_bebas’; expected 2, have 1
 3707 |             enki_bebas(target_ekspansi); return;
      |             ^~~~~~~~~~
../core_c/../core/enki_memory.h:20:6: note: declared here
   20 | void enki_bebas(void* pointer, int mode_dinamis);
      |      ^~~~~~~~~~
../core_c/enki_interpreter.c:3717:9: error: too few arguments to function ‘enki_bebas’; expected 2, have 1
 3717 |         enki_bebas(target_ekspansi);
      |         ^~~~~~~~~~
../core_c/../core/enki_memory.h:20:6: note: declared here
   20 | void enki_bebas(void* pointer, int mode_dinamis);
      |      ^~~~~~~~~~
../core_c/enki_interpreter.c:3790:17: error: too few arguments to function ‘enki_bebas’; expected 2, have 1
 3790 |                 enki_bebas(akar_utama->anak_anak);
      |                 ^~~~~~~~~~
../core_c/../core/enki_memory.h:20:6: note: declared here
   20 | void enki_bebas(void* pointer, int mode_dinamis);
      |      ^~~~~~~~~~
../core_c/enki_interpreter.c:3814:149: error: too few arguments to function ‘enki_bebas’; expected 2, have 1
 3814 |                 if (ram->pesan_error_tabu) { simpan_ke_ram(ram, node->nilai_teks, ciptakan_teks(ram->pesan_error_tabu, ram->status_array_dinamis)); enki_bebas(ram->pesan_error_tabu); ram->pesan_error_tabu = NULL; }
      |                                                                                                                                                     ^~~~~~~~~~
../core_c/../core/enki_memory.h:20:6: note: declared here
   20 | void enki_bebas(void* pointer, int mode_dinamis);
      |      ^~~~~~~~~~
make: *** [Makefile:35: build] Error 1
