gcc -Wall -Wextra -g main.c tui_renderer.c ../core_c/enki_os.c ../core_c/enki_lexer.c ../core_c/enki_parser.c ../core_c/enki_interpreter.c ../core_c/enki_scheduler.c ../core_c/enki_network.c ../core_c/enki_file_system.c ../core/enki_object.c ../core/array/ku.c ../core/array/ko.c ../core/array/panjang.c ../otim/otim_lexer.c ../otim/otim_parser.c ../snul/snul_lexer.c ../snul/snul_parser.c ../gui/gui_renderer.c ../core/enki_memory.c    -o ../../bin/unul -lm -lreadline -pthread -lcurl -lraylib
../core_c/enki_interpreter.c: In function ‘sihir_baca_terminal_aman’:
../core_c/enki_interpreter.c:930:10: error: expected expression before ‘)’ token
  930 |         -);
      |          ^
../core_c/enki_interpreter.c:929:16: error: too many arguments to function ‘strdup’; expected 1, have 2
  929 |         return strdup("", 1
      |                ^~~~~~
In file included from ../core_c/enki_interpreter.c:3:
/usr/include/string.h:202:14: note: declared here
  202 | extern char *strdup (const char *__s)
      |              ^~~~~~
../core_c/enki_interpreter.c: In function ‘evaluasi_ekspresi’:
../core_c/enki_interpreter.c:1060:29: error: too few arguments to function ‘enki_salin_teks’; expected 2, have 1
 1060 |         char* teks_bersih = enki_salin_teks(teks_mentah);
      |                             ^~~~~~~~~~~~~~~
In file included from ../core_c/enki_interpreter.c:24:
../core_c/../core/enki_memory.h:26:7: note: declared here
   26 | char* enki_salin_teks(const char* sumber, int mode_dinamis);
      |       ^~~~~~~~~~~~~~~
make: *** [Makefile:35: build] Error 1
